------------------------------------------------------------
Timing Analyzer Summary
------------------------------------------------------------

Type  : Slow 1100mV 85C Model Setup 'CLOCK_50'
Slack : -2.564
TNS   : -82.020

Type  : Slow 1100mV 85C Model Hold 'CLOCK_50'
Slack : 0.367
TNS   : 0.000

Type  : Slow 1100mV 85C Model Minimum Pulse Width 'CLOCK_50'
Slack : -0.394
TNS   : -21.106

Type  : Slow 1100mV 0C Model Setup 'CLOCK_50'
Slack : -2.519
TNS   : -80.057

Type  : Slow 1100mV 0C Model Hold 'CLOCK_50'
Slack : 0.370
TNS   : 0.000

Type  : Slow 1100mV 0C Model Minimum Pulse Width 'CLOCK_50'
Slack : -0.394
TNS   : -22.362

Type  : Fast 1100mV 85C Model Setup 'CLOCK_50'
Slack : -1.083
TNS   : -30.352

Type  : Fast 1100mV 85C Model Hold 'CLOCK_50'
Slack : 0.198
TNS   : 0.000

Type  : Fast 1100mV 85C Model Minimum Pulse Width 'CLOCK_50'
Slack : -0.092
TNS   : -3.606

Type  : Fast 1100mV 0C Model Setup 'CLOCK_50'
Slack : -0.904
TNS   : -24.604

Type  : Fast 1100mV 0C Model Hold 'CLOCK_50'
Slack : 0.188
TNS   : 0.000

Type  : Fast 1100mV 0C Model Minimum Pulse Width 'CLOCK_50'
Slack : -0.091
TNS   : -3.561

------------------------------------------------------------
